nohup: ignoring input
🔍 Starting memory monitor for 30 minutes
📊 Recording every 10 seconds
💾 Data will be saved to: /home/orangepi/argo/memory_usage_20250915_040007.csv
⏰ Started at: 2025-09-15 04:00:07
⏰ Will finish at: 2025-09-15 04:30:07
============================================================
[2025-09-15 04:00:07] Elapsed: 0s | System: 58.7% | Nodes: 0/7 | Total Memory: 1.0GB/1.9GB
[2025-09-15 04:00:18] Elapsed: 10s | System: 59.0% | Nodes: 0/7 | Total Memory: 1.0GB/1.9GB
[2025-09-15 04:00:28] Elapsed: 20s | System: 59.1% | Nodes: 0/7 | Total Memory: 1.0GB/1.9GB
[2025-09-15 04:00:38] Elapsed: 31s | System: 59.1% | Nodes: 0/7 | Total Memory: 1.0GB/1.9GB
[2025-09-15 04:00:48] Elapsed: 41s | System: 59.3% | Nodes: 0/7 | Total Memory: 1.0GB/1.9GB
[2025-09-15 04:00:59] Elapsed: 51s | System: 59.7% | Nodes: 0/7 | Total Memory: 1.1GB/1.9GB
[2025-09-15 04:01:09] Elapsed: 61s | System: 59.7% | Nodes: 0/7 | Total Memory: 1.1GB/1.9GB
[2025-09-15 04:01:19] Elapsed: 72s | System: 59.7% | Nodes: 0/7 | Total Memory: 1.1GB/1.9GB
[2025-09-15 04:01:29] Elapsed: 82s | System: 70.1% | Nodes: 7/7 | Total Memory: 1.3GB/1.9GB
[2025-09-15 04:01:40] Elapsed: 92s | System: 70.6% | Nodes: 6/7 | Total Memory: 1.3GB/1.9GB
[2025-09-15 04:01:50] Elapsed: 103s | System: 63.8% | Nodes: 6/7 | Total Memory: 1.1GB/1.9GB
[2025-09-15 04:02:00] Elapsed: 113s | System: 36.3% | Nodes: 6/7 | Total Memory: 0.6GB/1.9GB
[2025-09-15 04:02:10] Elapsed: 123s | System: 36.3% | Nodes: 6/7 | Total Memory: 0.6GB/1.9GB
[2025-09-15 04:02:21] Elapsed: 133s | System: 36.2% | Nodes: 6/7 | Total Memory: 0.6GB/1.9GB
[2025-09-15 04:02:31] Elapsed: 144s | System: 36.2% | Nodes: 6/7 | Total Memory: 0.6GB/1.9GB
[2025-09-15 04:02:41] Elapsed: 154s | System: 36.1% | Nodes: 6/7 | Total Memory: 0.6GB/1.9GB
[2025-09-15 04:02:51] Elapsed: 164s | System: 36.1% | Nodes: 6/7 | Total Memory: 0.6GB/1.9GB
[2025-09-15 04:03:02] Elapsed: 174s | System: 36.1% | Nodes: 6/7 | Total Memory: 0.6GB/1.9GB
[2025-09-15 04:03:12] Elapsed: 185s | System: 36.1% | Nodes: 6/7 | Total Memory: 0.6GB/1.9GB
[2025-09-15 04:03:22] Elapsed: 195s | System: 36.1% | Nodes: 6/7 | Total Memory: 0.6GB/1.9GB
[2025-09-15 04:03:32] Elapsed: 205s | System: 36.1% | Nodes: 6/7 | Total Memory: 0.6GB/1.9GB
[2025-09-15 04:03:42] Elapsed: 215s | System: 36.1% | Nodes: 6/7 | Total Memory: 0.6GB/1.9GB
[2025-09-15 04:03:53] Elapsed: 225s | System: 36.1% | Nodes: 6/7 | Total Memory: 0.6GB/1.9GB
[2025-09-15 04:04:03] Elapsed: 236s | System: 36.1% | Nodes: 6/7 | Total Memory: 0.6GB/1.9GB
[2025-09-15 04:04:13] Elapsed: 246s | System: 36.1% | Nodes: 6/7 | Total Memory: 0.6GB/1.9GB
[2025-09-15 04:04:23] Elapsed: 256s | System: 36.1% | Nodes: 6/7 | Total Memory: 0.6GB/1.9GB
[2025-09-15 04:04:34] Elapsed: 266s | System: 36.1% | Nodes: 6/7 | Total Memory: 0.6GB/1.9GB
[2025-09-15 04:04:44] Elapsed: 277s | System: 36.1% | Nodes: 6/7 | Total Memory: 0.6GB/1.9GB
[2025-09-15 04:04:54] Elapsed: 287s | System: 36.1% | Nodes: 6/7 | Total Memory: 0.6GB/1.9GB
[2025-09-15 04:05:04] Elapsed: 297s | System: 36.0% | Nodes: 6/7 | Total Memory: 0.6GB/1.9GB
[2025-09-15 04:05:15] Elapsed: 307s | System: 36.0% | Nodes: 6/7 | Total Memory: 0.6GB/1.9GB
[2025-09-15 04:05:25] Elapsed: 318s | System: 36.0% | Nodes: 6/7 | Total Memory: 0.6GB/1.9GB
[2025-09-15 04:05:35] Elapsed: 328s | System: 36.0% | Nodes: 6/7 | Total Memory: 0.6GB/1.9GB
[2025-09-15 04:05:45] Elapsed: 338s | System: 36.0% | Nodes: 6/7 | Total Memory: 0.6GB/1.9GB
[2025-09-15 04:05:55] Elapsed: 348s | System: 36.0% | Nodes: 6/7 | Total Memory: 0.6GB/1.9GB
[2025-09-15 04:06:06] Elapsed: 358s | System: 36.0% | Nodes: 6/7 | Total Memory: 0.6GB/1.9GB
[2025-09-15 04:06:16] Elapsed: 369s | System: 36.0% | Nodes: 6/7 | Total Memory: 0.6GB/1.9GB
[2025-09-15 04:06:26] Elapsed: 379s | System: 36.0% | Nodes: 6/7 | Total Memory: 0.6GB/1.9GB
[2025-09-15 04:06:36] Elapsed: 389s | System: 35.6% | Nodes: 6/7 | Total Memory: 0.6GB/1.9GB
[2025-09-15 04:06:47] Elapsed: 399s | System: 35.6% | Nodes: 6/7 | Total Memory: 0.6GB/1.9GB
[2025-09-15 04:06:57] Elapsed: 410s | System: 31.7% | Nodes: 6/7 | Total Memory: 0.5GB/1.9GB
[2025-09-15 04:07:07] Elapsed: 420s | System: 31.7% | Nodes: 6/7 | Total Memory: 0.5GB/1.9GB
[2025-09-15 04:07:17] Elapsed: 430s | System: 31.8% | Nodes: 6/7 | Total Memory: 0.5GB/1.9GB
[2025-09-15 04:07:27] Elapsed: 440s | System: 31.8% | Nodes: 6/7 | Total Memory: 0.5GB/1.9GB
[2025-09-15 04:07:38] Elapsed: 450s | System: 31.8% | Nodes: 6/7 | Total Memory: 0.5GB/1.9GB
[2025-09-15 04:07:48] Elapsed: 461s | System: 31.8% | Nodes: 6/7 | Total Memory: 0.5GB/1.9GB
[2025-09-15 04:07:58] Elapsed: 471s | System: 31.8% | Nodes: 6/7 | Total Memory: 0.5GB/1.9GB
[2025-09-15 04:08:08] Elapsed: 481s | System: 31.8% | Nodes: 6/7 | Total Memory: 0.5GB/1.9GB
[2025-09-15 04:08:19] Elapsed: 491s | System: 31.8% | Nodes: 6/7 | Total Memory: 0.5GB/1.9GB
[2025-09-15 04:08:29] Elapsed: 501s | System: 31.8% | Nodes: 6/7 | Total Memory: 0.5GB/1.9GB
[2025-09-15 04:08:39] Elapsed: 512s | System: 31.8% | Nodes: 6/7 | Total Memory: 0.5GB/1.9GB
[2025-09-15 04:08:49] Elapsed: 522s | System: 31.9% | Nodes: 6/7 | Total Memory: 0.5GB/1.9GB
[2025-09-15 04:08:59] Elapsed: 532s | System: 31.9% | Nodes: 6/7 | Total Memory: 0.5GB/1.9GB
[2025-09-15 04:09:10] Elapsed: 542s | System: 31.9% | Nodes: 6/7 | Total Memory: 0.5GB/1.9GB
[2025-09-15 04:09:20] Elapsed: 553s | System: 31.9% | Nodes: 6/7 | Total Memory: 0.5GB/1.9GB
[2025-09-15 04:09:30] Elapsed: 563s | System: 31.9% | Nodes: 6/7 | Total Memory: 0.5GB/1.9GB
[2025-09-15 04:09:40] Elapsed: 573s | System: 31.9% | Nodes: 6/7 | Total Memory: 0.5GB/1.9GB
[2025-09-15 04:09:50] Elapsed: 583s | System: 31.9% | Nodes: 6/7 | Total Memory: 0.5GB/1.9GB
[2025-09-15 04:10:01] Elapsed: 593s | System: 31.9% | Nodes: 6/7 | Total Memory: 0.5GB/1.9GB
[2025-09-15 04:10:11] Elapsed: 604s | System: 31.9% | Nodes: 6/7 | Total Memory: 0.5GB/1.9GB
[2025-09-15 04:10:21] Elapsed: 614s | System: 31.9% | Nodes: 6/7 | Total Memory: 0.5GB/1.9GB
[2025-09-15 04:10:31] Elapsed: 624s | System: 31.9% | Nodes: 6/7 | Total Memory: 0.5GB/1.9GB
[2025-09-15 04:10:42] Elapsed: 634s | System: 31.9% | Nodes: 6/7 | Total Memory: 0.5GB/1.9GB
[2025-09-15 04:10:52] Elapsed: 645s | System: 31.9% | Nodes: 6/7 | Total Memory: 0.5GB/1.9GB
[2025-09-15 04:11:02] Elapsed: 655s | System: 31.9% | Nodes: 6/7 | Total Memory: 0.5GB/1.9GB
[2025-09-15 04:11:12] Elapsed: 665s | System: 31.9% | Nodes: 6/7 | Total Memory: 0.5GB/1.9GB
[2025-09-15 04:11:22] Elapsed: 675s | System: 32.0% | Nodes: 6/7 | Total Memory: 0.5GB/1.9GB
[2025-09-15 04:11:33] Elapsed: 685s | System: 32.0% | Nodes: 6/7 | Total Memory: 0.5GB/1.9GB
[2025-09-15 04:11:43] Elapsed: 696s | System: 32.0% | Nodes: 6/7 | Total Memory: 0.5GB/1.9GB
[2025-09-15 04:11:53] Elapsed: 706s | System: 32.0% | Nodes: 6/7 | Total Memory: 0.5GB/1.9GB
[2025-09-15 04:12:03] Elapsed: 716s | System: 32.0% | Nodes: 6/7 | Total Memory: 0.5GB/1.9GB
[2025-09-15 04:12:14] Elapsed: 726s | System: 32.0% | Nodes: 6/7 | Total Memory: 0.5GB/1.9GB
[2025-09-15 04:12:24] Elapsed: 737s | System: 32.0% | Nodes: 6/7 | Total Memory: 0.5GB/1.9GB
[2025-09-15 04:12:34] Elapsed: 747s | System: 32.0% | Nodes: 6/7 | Total Memory: 0.5GB/1.9GB
[2025-09-15 04:12:44] Elapsed: 757s | System: 32.0% | Nodes: 6/7 | Total Memory: 0.5GB/1.9GB
[2025-09-15 04:12:55] Elapsed: 767s | System: 32.0% | Nodes: 6/7 | Total Memory: 0.5GB/1.9GB
[2025-09-15 04:13:05] Elapsed: 778s | System: 32.0% | Nodes: 6/7 | Total Memory: 0.5GB/1.9GB
[2025-09-15 04:13:15] Elapsed: 788s | System: 32.0% | Nodes: 6/7 | Total Memory: 0.5GB/1.9GB
[2025-09-15 04:13:25] Elapsed: 798s | System: 32.0% | Nodes: 6/7 | Total Memory: 0.5GB/1.9GB
[2025-09-15 04:13:35] Elapsed: 808s | System: 32.1% | Nodes: 6/7 | Total Memory: 0.5GB/1.9GB
[2025-09-15 04:13:46] Elapsed: 818s | System: 32.1% | Nodes: 6/7 | Total Memory: 0.5GB/1.9GB
[2025-09-15 04:13:56] Elapsed: 829s | System: 32.1% | Nodes: 6/7 | Total Memory: 0.5GB/1.9GB
[2025-09-15 04:14:06] Elapsed: 839s | System: 32.2% | Nodes: 6/7 | Total Memory: 0.5GB/1.9GB
[2025-09-15 04:14:16] Elapsed: 849s | System: 32.2% | Nodes: 6/7 | Total Memory: 0.5GB/1.9GB
[2025-09-15 04:14:27] Elapsed: 859s | System: 32.2% | Nodes: 6/7 | Total Memory: 0.5GB/1.9GB
[2025-09-15 04:14:37] Elapsed: 870s | System: 32.2% | Nodes: 6/7 | Total Memory: 0.5GB/1.9GB
[2025-09-15 04:14:47] Elapsed: 880s | System: 32.2% | Nodes: 6/7 | Total Memory: 0.5GB/1.9GB
[2025-09-15 04:14:57] Elapsed: 890s | System: 32.2% | Nodes: 6/7 | Total Memory: 0.5GB/1.9GB
[2025-09-15 04:15:08] Elapsed: 900s | System: 31.7% | Nodes: 6/7 | Total Memory: 0.5GB/1.9GB
[2025-09-15 04:15:18] Elapsed: 911s | System: 31.7% | Nodes: 6/7 | Total Memory: 0.5GB/1.9GB
[2025-09-15 04:15:28] Elapsed: 921s | System: 31.7% | Nodes: 6/7 | Total Memory: 0.5GB/1.9GB
[2025-09-15 04:15:38] Elapsed: 931s | System: 31.8% | Nodes: 6/7 | Total Memory: 0.5GB/1.9GB
[2025-09-15 04:15:48] Elapsed: 941s | System: 31.8% | Nodes: 6/7 | Total Memory: 0.5GB/1.9GB
[2025-09-15 04:15:59] Elapsed: 951s | System: 31.8% | Nodes: 6/7 | Total Memory: 0.5GB/1.9GB
[2025-09-15 04:16:09] Elapsed: 962s | System: 31.8% | Nodes: 6/7 | Total Memory: 0.5GB/1.9GB
[2025-09-15 04:16:19] Elapsed: 972s | System: 31.8% | Nodes: 6/7 | Total Memory: 0.5GB/1.9GB
[2025-09-15 04:16:29] Elapsed: 982s | System: 31.8% | Nodes: 6/7 | Total Memory: 0.5GB/1.9GB
[2025-09-15 04:16:39] Elapsed: 992s | System: 31.7% | Nodes: 6/7 | Total Memory: 0.5GB/1.9GB
[2025-09-15 04:16:50] Elapsed: 1003s | System: 31.9% | Nodes: 6/7 | Total Memory: 0.5GB/1.9GB
[2025-09-15 04:17:00] Elapsed: 1013s | System: 31.8% | Nodes: 6/7 | Total Memory: 0.5GB/1.9GB
[2025-09-15 04:17:10] Elapsed: 1023s | System: 31.9% | Nodes: 6/7 | Total Memory: 0.5GB/1.9GB
[2025-09-15 04:17:21] Elapsed: 1033s | System: 31.9% | Nodes: 6/7 | Total Memory: 0.5GB/1.9GB
[2025-09-15 04:17:31] Elapsed: 1044s | System: 31.9% | Nodes: 6/7 | Total Memory: 0.5GB/1.9GB
[2025-09-15 04:17:41] Elapsed: 1054s | System: 31.9% | Nodes: 6/7 | Total Memory: 0.5GB/1.9GB
[2025-09-15 04:17:51] Elapsed: 1064s | System: 31.9% | Nodes: 6/7 | Total Memory: 0.5GB/1.9GB
[2025-09-15 04:18:02] Elapsed: 1074s | System: 31.9% | Nodes: 6/7 | Total Memory: 0.5GB/1.9GB
[2025-09-15 04:18:12] Elapsed: 1085s | System: 31.9% | Nodes: 6/7 | Total Memory: 0.5GB/1.9GB
[2025-09-15 04:18:22] Elapsed: 1095s | System: 31.9% | Nodes: 6/7 | Total Memory: 0.5GB/1.9GB
[2025-09-15 04:18:32] Elapsed: 1105s | System: 31.9% | Nodes: 6/7 | Total Memory: 0.5GB/1.9GB
[2025-09-15 04:18:43] Elapsed: 1115s | System: 31.9% | Nodes: 6/7 | Total Memory: 0.5GB/1.9GB
[2025-09-15 04:18:53] Elapsed: 1126s | System: 31.8% | Nodes: 6/7 | Total Memory: 0.5GB/1.9GB
[2025-09-15 04:19:03] Elapsed: 1136s | System: 31.8% | Nodes: 6/7 | Total Memory: 0.5GB/1.9GB
[2025-09-15 04:19:13] Elapsed: 1146s | System: 31.8% | Nodes: 6/7 | Total Memory: 0.5GB/1.9GB
[2025-09-15 04:19:23] Elapsed: 1156s | System: 31.8% | Nodes: 6/7 | Total Memory: 0.5GB/1.9GB
[2025-09-15 04:19:34] Elapsed: 1166s | System: 31.9% | Nodes: 6/7 | Total Memory: 0.5GB/1.9GB
[2025-09-15 04:19:44] Elapsed: 1177s | System: 31.9% | Nodes: 6/7 | Total Memory: 0.5GB/1.9GB
[2025-09-15 04:19:54] Elapsed: 1187s | System: 31.9% | Nodes: 6/7 | Total Memory: 0.5GB/1.9GB
[2025-09-15 04:20:04] Elapsed: 1197s | System: 31.9% | Nodes: 6/7 | Total Memory: 0.5GB/1.9GB
[2025-09-15 04:20:15] Elapsed: 1207s | System: 31.9% | Nodes: 6/7 | Total Memory: 0.5GB/1.9GB
[2025-09-15 04:20:25] Elapsed: 1218s | System: 31.9% | Nodes: 6/7 | Total Memory: 0.5GB/1.9GB
[2025-09-15 04:20:35] Elapsed: 1228s | System: 31.9% | Nodes: 6/7 | Total Memory: 0.5GB/1.9GB
[2025-09-15 04:20:45] Elapsed: 1238s | System: 31.9% | Nodes: 6/7 | Total Memory: 0.5GB/1.9GB
[2025-09-15 04:20:56] Elapsed: 1248s | System: 31.9% | Nodes: 6/7 | Total Memory: 0.5GB/1.9GB
[2025-09-15 04:21:06] Elapsed: 1259s | System: 31.9% | Nodes: 6/7 | Total Memory: 0.5GB/1.9GB
[2025-09-15 04:21:16] Elapsed: 1269s | System: 31.9% | Nodes: 6/7 | Total Memory: 0.5GB/1.9GB
[2025-09-15 04:21:26] Elapsed: 1279s | System: 31.9% | Nodes: 6/7 | Total Memory: 0.5GB/1.9GB
[2025-09-15 04:21:36] Elapsed: 1289s | System: 31.9% | Nodes: 6/7 | Total Memory: 0.5GB/1.9GB
[2025-09-15 04:21:47] Elapsed: 1299s | System: 31.9% | Nodes: 6/7 | Total Memory: 0.5GB/1.9GB
[2025-09-15 04:21:57] Elapsed: 1310s | System: 31.9% | Nodes: 6/7 | Total Memory: 0.5GB/1.9GB
[2025-09-15 04:22:07] Elapsed: 1320s | System: 31.9% | Nodes: 6/7 | Total Memory: 0.5GB/1.9GB
[2025-09-15 04:22:17] Elapsed: 1330s | System: 31.9% | Nodes: 6/7 | Total Memory: 0.5GB/1.9GB
[2025-09-15 04:22:28] Elapsed: 1340s | System: 31.9% | Nodes: 6/7 | Total Memory: 0.5GB/1.9GB
[2025-09-15 04:22:38] Elapsed: 1351s | System: 31.9% | Nodes: 6/7 | Total Memory: 0.5GB/1.9GB
[2025-09-15 04:22:48] Elapsed: 1361s | System: 31.9% | Nodes: 6/7 | Total Memory: 0.5GB/1.9GB
[2025-09-15 04:22:58] Elapsed: 1371s | System: 31.9% | Nodes: 6/7 | Total Memory: 0.5GB/1.9GB
[2025-09-15 04:23:08] Elapsed: 1381s | System: 31.9% | Nodes: 6/7 | Total Memory: 0.5GB/1.9GB
[2025-09-15 04:23:19] Elapsed: 1391s | System: 31.9% | Nodes: 6/7 | Total Memory: 0.5GB/1.9GB
[2025-09-15 04:23:29] Elapsed: 1402s | System: 31.9% | Nodes: 6/7 | Total Memory: 0.5GB/1.9GB
[2025-09-15 04:23:39] Elapsed: 1412s | System: 31.9% | Nodes: 6/7 | Total Memory: 0.5GB/1.9GB
[2025-09-15 04:23:49] Elapsed: 1422s | System: 31.9% | Nodes: 6/7 | Total Memory: 0.5GB/1.9GB
[2025-09-15 04:24:00] Elapsed: 1432s | System: 31.9% | Nodes: 6/7 | Total Memory: 0.5GB/1.9GB
[2025-09-15 04:24:10] Elapsed: 1443s | System: 31.9% | Nodes: 6/7 | Total Memory: 0.5GB/1.9GB
[2025-09-15 04:24:20] Elapsed: 1453s | System: 31.9% | Nodes: 6/7 | Total Memory: 0.5GB/1.9GB
[2025-09-15 04:24:30] Elapsed: 1463s | System: 31.9% | Nodes: 6/7 | Total Memory: 0.5GB/1.9GB
[2025-09-15 04:24:41] Elapsed: 1473s | System: 31.9% | Nodes: 6/7 | Total Memory: 0.5GB/1.9GB
[2025-09-15 04:24:51] Elapsed: 1484s | System: 31.9% | Nodes: 6/7 | Total Memory: 0.5GB/1.9GB
[2025-09-15 04:25:01] Elapsed: 1494s | System: 31.9% | Nodes: 6/7 | Total Memory: 0.5GB/1.9GB
[2025-09-15 04:25:11] Elapsed: 1504s | System: 31.9% | Nodes: 6/7 | Total Memory: 0.5GB/1.9GB
[2025-09-15 04:25:22] Elapsed: 1514s | System: 31.9% | Nodes: 6/7 | Total Memory: 0.5GB/1.9GB
[2025-09-15 04:25:32] Elapsed: 1524s | System: 31.9% | Nodes: 6/7 | Total Memory: 0.5GB/1.9GB
[2025-09-15 04:25:42] Elapsed: 1535s | System: 31.9% | Nodes: 6/7 | Total Memory: 0.5GB/1.9GB
[2025-09-15 04:25:52] Elapsed: 1545s | System: 31.9% | Nodes: 6/7 | Total Memory: 0.5GB/1.9GB
[2025-09-15 04:26:02] Elapsed: 1555s | System: 31.9% | Nodes: 6/7 | Total Memory: 0.5GB/1.9GB
[2025-09-15 04:26:13] Elapsed: 1565s | System: 31.9% | Nodes: 6/7 | Total Memory: 0.5GB/1.9GB
[2025-09-15 04:26:23] Elapsed: 1576s | System: 31.9% | Nodes: 6/7 | Total Memory: 0.5GB/1.9GB
[2025-09-15 04:26:33] Elapsed: 1586s | System: 31.9% | Nodes: 6/7 | Total Memory: 0.5GB/1.9GB
[2025-09-15 04:26:43] Elapsed: 1596s | System: 31.9% | Nodes: 6/7 | Total Memory: 0.5GB/1.9GB
[2025-09-15 04:26:54] Elapsed: 1606s | System: 31.9% | Nodes: 6/7 | Total Memory: 0.5GB/1.9GB
[2025-09-15 04:27:04] Elapsed: 1617s | System: 31.9% | Nodes: 6/7 | Total Memory: 0.5GB/1.9GB
[2025-09-15 04:27:14] Elapsed: 1627s | System: 31.9% | Nodes: 6/7 | Total Memory: 0.5GB/1.9GB
[2025-09-15 04:27:24] Elapsed: 1637s | System: 31.9% | Nodes: 6/7 | Total Memory: 0.5GB/1.9GB
[2025-09-15 04:27:34] Elapsed: 1647s | System: 32.0% | Nodes: 6/7 | Total Memory: 0.5GB/1.9GB
[2025-09-15 04:27:45] Elapsed: 1657s | System: 31.9% | Nodes: 6/7 | Total Memory: 0.5GB/1.9GB
[2025-09-15 04:27:55] Elapsed: 1668s | System: 32.0% | Nodes: 6/7 | Total Memory: 0.5GB/1.9GB
[2025-09-15 04:28:05] Elapsed: 1678s | System: 32.0% | Nodes: 6/7 | Total Memory: 0.5GB/1.9GB
[2025-09-15 04:28:15] Elapsed: 1688s | System: 32.0% | Nodes: 6/7 | Total Memory: 0.5GB/1.9GB
[2025-09-15 04:28:26] Elapsed: 1698s | System: 32.0% | Nodes: 6/7 | Total Memory: 0.5GB/1.9GB
[2025-09-15 04:28:36] Elapsed: 1709s | System: 32.0% | Nodes: 6/7 | Total Memory: 0.5GB/1.9GB
[2025-09-15 04:28:46] Elapsed: 1719s | System: 32.0% | Nodes: 6/7 | Total Memory: 0.5GB/1.9GB
[2025-09-15 04:28:56] Elapsed: 1729s | System: 32.0% | Nodes: 6/7 | Total Memory: 0.5GB/1.9GB
[2025-09-15 04:29:07] Elapsed: 1740s | System: 32.0% | Nodes: 6/7 | Total Memory: 0.5GB/1.9GB
[2025-09-15 04:29:17] Elapsed: 1750s | System: 32.0% | Nodes: 6/7 | Total Memory: 0.5GB/1.9GB
[2025-09-15 04:29:27] Elapsed: 1760s | System: 32.0% | Nodes: 6/7 | Total Memory: 0.5GB/1.9GB
[2025-09-15 04:29:37] Elapsed: 1770s | System: 32.0% | Nodes: 6/7 | Total Memory: 0.5GB/1.9GB
[2025-09-15 04:29:48] Elapsed: 1780s | System: 32.0% | Nodes: 6/7 | Total Memory: 0.5GB/1.9GB
[2025-09-15 04:29:58] Elapsed: 1791s | System: 32.0% | Nodes: 6/7 | Total Memory: 0.5GB/1.9GB
[2025-09-15 04:30:08] Elapsed: 1801s | System: 32.1% | Nodes: 6/7 | Total Memory: 0.5GB/1.9GB

============================================================
✅ Memory monitoring completed!
📊 Data saved to: /home/orangepi/argo/memory_usage_20250915_040007.csv
⏰ Finished at: 2025-09-15 04:30:08
============================================================
